#
# There is insufficient memory for the Java Runtime Environment to continue.
# Native memory allocation (malloc) failed to allocate 1048576 bytes. Error detail: AllocateHeap
# Possible reasons:
#   The system is out of physical RAM or swap space
#   This process is running with CompressedOops enabled, and the Java Heap may be blocking the growth of the native heap
# Possible solutions:
#   Reduce memory load on the system
#   Increase physical memory or swap space
#   Check if swap backing store is full
#   Decrease Java heap size (-Xmx/-Xms)
#   Decrease number of Java threads
#   Decrease Java thread stack sizes (-Xss)
#   Set larger code cache with -XX:ReservedCodeCacheSize=
#   JVM is running with Unscaled Compressed Oops mode in which the Java heap is
#     placed in the first 4GB address space. The Java Heap base address is the
#     maximum limit for the native heap growth. Please use -XX:HeapBaseMinAddress
#     to set the Java Heap base and to place the Java Heap above 4GB virtual address.
# This output file may be truncated or incomplete.
#
#  Out of Memory Error (allocation.cpp:44), pid=15880, tid=7548
#
# JRE version: OpenJDK Runtime Environment Temurin-21.0.10+7 (21.0.10+7) (build 21.0.10+7-LTS)
# Java VM: OpenJDK 64-Bit Server VM Temurin-21.0.10+7 (21.0.10+7-LTS, mixed mode, sharing, tiered, compressed oops, compressed class ptrs, parallel gc, windows-amd64)
# No core dump will be written. Minidumps are not enabled by default on client versions of Windows
#

---------------  S U M M A R Y ------------

Command Line: --add-modules=ALL-SYSTEM --add-opens=java.base/java.util=ALL-UNNAMED --add-opens=java.base/java.lang=ALL-UNNAMED --add-opens=java.base/sun.nio.fs=ALL-UNNAMED -Declipse.application=org.eclipse.jdt.ls.core.id1 -Dosgi.bundles.defaultStartLevel=4 -Declipse.product=org.eclipse.jdt.ls.core.product -Djava.import.generatesMetadataFilesAtProjectRoot=false -DDetectVMInstallationsJob.disabled=true -Dfile.encoding=utf8 -XX:+UseParallelGC -XX:GCTimeRatio=4 -XX:AdaptiveSizePolicyWeight=90 -Dsun.zip.disableMemoryMapping=true -Xmx2G -Xms100m -Xlog:disable -javaagent:c:\Users\Talktech\.vscode\extensions\redhat.java-1.54.0-win32-x64\lombok\lombok-1.18.39-4050.jar -XX:+HeapDumpOnOutOfMemoryError -XX:HeapDumpPath=c:\Users\Talktech\AppData\Roaming\Code\User\workspaceStorage\fe62941810ff53b2a2c30e924bce7f46\redhat.java -Daether.dependencyCollector.impl=bf c:\Users\Talktech\.vscode\extensions\redhat.java-1.54.0-win32-x64\server\plugins\org.eclipse.equinox.launcher_1.7.100.v20251111-0406.jar -configuration c:\Users\Talktech\AppData\Roaming\Code\User\globalStorage\redhat.java\1.54.0\config_win -data c:\Users\Talktech\AppData\Roaming\Code\User\workspaceStorage\fe62941810ff53b2a2c30e924bce7f46\redhat.java\jdt_ws --pipe=\\.\pipe\lsp-ea4b546b2c4f8ee85c7c59af2c8e1b8a-sock

Host: Intel(R) Core(TM) i5-8365U CPU @ 1.60GHz, 8 cores, 7G,  Windows 11 , 64 bit Build 26100 (10.0.26100.8328)
Time: Fri May 29 15:49:15 2026 W. Central Africa Standard Time elapsed time: 7570.560805 seconds (0d 2h 6m 10s)

---------------  T H R E A D  ---------------

Current thread (0x0000025d4733b100):  JavaThread "Attach Listener" daemon [_thread_in_vm, id=7548, stack(0x0000009e66400000,0x0000009e66500000) (1024K)]

Stack: [0x0000009e66400000,0x0000009e66500000]
Native frames: (J=compiled Java code, j=interpreted, Vv=VM code, C=native code)
V  [jvm.dll+0x6d7a39]
V  [jvm.dll+0x8b4b26]
V  [jvm.dll+0x8b70de]
V  [jvm.dll+0x8b77c3]
V  [jvm.dll+0x284346]
V  [jvm.dll+0xc1277]
V  [jvm.dll+0x6d82e9]
V  [jvm.dll+0x1334a6]
V  [jvm.dll+0x3f857e]
V  [jvm.dll+0x85f59d]
V  [jvm.dll+0x6d626d]
C  [ucrtbase.dll+0x37b0]
C  [KERNEL32.DLL+0x2e957]
C  [ntdll.dll+0x427c]


---------------  P R O C E S S  ---------------

Threads class SMR info:
_java_thread_list=0x0000025d901a6870, length=58, elements={
0x0000025d2e508f80, 0x0000025d30978fd0, 0x0000025d3097ccd0, 0x0000025d473362f0,
0x0000025d4733b100, 0x0000025d4733bb60, 0x0000025d4733db20, 0x0000025d47346340,
0x0000025d8e045c40, 0x0000025d8e1a9cd0, 0x0000025d8e307be0, 0x0000025d8e795cc0,
0x0000025d8eeb27c0, 0x0000025d8e4400a0, 0x0000025d8e06f2e0, 0x0000025d8f23c240,
0x0000025d8ee93ce0, 0x0000025d8ee95db0, 0x0000025d8ee96ad0, 0x0000025d8ee95720,
0x0000025d8f85c9c0, 0x0000025d8f85af80, 0x0000025d8f85d050, 0x0000025d8f85ea90,
0x0000025d8f85b610, 0x0000025d8f85dd70, 0x0000025d8f85f120, 0x0000025d8f85d6e0,
0x0000025d8f85bca0, 0x0000025d8f85f7b0, 0x0000025d8f85c330, 0x0000025d8f861880,
0x0000025d907e28e0, 0x0000025d907e2f70, 0x0000025d907e5040, 0x0000025d907e56d0,
0x0000025d907e5d60, 0x0000025d907e63f0, 0x0000025d8f85a8f0, 0x0000025d8f85fe40,
0x0000025d8f860b60, 0x0000025d8f8604d0, 0x0000025d8f8611f0, 0x0000025d8f85e400,
0x0000025d8ee94a00, 0x0000025d8ee93650, 0x0000025d8ee95090, 0x0000025d92c21b30,
0x0000025d92c221c0, 0x0000025d92c24290, 0x0000025d92c24920, 0x0000025d92c214a0,
0x0000025d92c22850, 0x0000025d92c26360, 0x0000025d92c22ee0, 0x0000025d92c27da0,
0x0000025d92c27710, 0x0000025d92c269f0
}

Java Threads: ( => current thread )
  0x0000025d2e508f80 JavaThread "main"                              [_thread_blocked, id=47496, stack(0x0000009e65d00000,0x0000009e65e00000) (1024K)]
  0x0000025d30978fd0 JavaThread "Reference Handler"          daemon [_thread_blocked, id=43532, stack(0x0000009e66100000,0x0000009e66200000) (1024K)]
  0x0000025d3097ccd0 JavaThread "Finalizer"                  daemon [_thread_blocked, id=29372, stack(0x0000009e66200000,0x0000009e66300000) (1024K)]
  0x0000025d473362f0 JavaThread "Signal Dispatcher"          daemon [_thread_blocked, id=46320, stack(0x0000009e66300000,0x0000009e66400000) (1024K)]
=>0x0000025d4733b100 JavaThread "Attach Listener"            daemon [_thread_in_vm, id=7548, stack(0x0000009e66400000,0x0000009e66500000) (1024K)]
  0x0000025d4733bb60 JavaThread "Service Thread"             daemon [_thread_blocked, id=51260, stack(0x0000009e66500000,0x0000009e66600000) (1024K)]
  0x0000025d4733db20 JavaThread "Monitor Deflation Thread"   daemon [_thread_blocked, id=16044, stack(0x0000009e66600000,0x0000009e66700000) (1024K)]
  0x0000025d47346340 JavaThread "C2 CompilerThread0"         daemon [_thread_blocked, id=43596, stack(0x0000009e66700000,0x0000009e66800000) (1024K)]
  0x0000025d8e045c40 JavaThread "C1 CompilerThread0"         daemon [_thread_blocked, id=27384, stack(0x0000009e66800000,0x0000009e66900000) (1024K)]
  0x0000025d8e1a9cd0 JavaThread "Common-Cleaner"             daemon [_thread_blocked, id=55112, stack(0x0000009e66900000,0x0000009e66a00000) (1024K)]
  0x0000025d8e307be0 JavaThread "Notification Thread"        daemon [_thread_blocked, id=25876, stack(0x0000009e66a00000,0x0000009e66b00000) (1024K)]
  0x0000025d8e795cc0 JavaThread "Active Thread: Equinox Container: 0a31c424-04b1-4617-9d48-79264d498084"        [_thread_blocked, id=26880, stack(0x0000009e66b00000,0x0000009e66c00000) (1024K)]
  0x0000025d8eeb27c0 JavaThread "Refresh Thread: Equinox Container: 0a31c424-04b1-4617-9d48-79264d498084" daemon [_thread_blocked, id=47588, stack(0x0000009e67300000,0x0000009e67400000) (1024K)]
  0x0000025d8e4400a0 JavaThread "Framework Event Dispatcher: Equinox Container: 0a31c424-04b1-4617-9d48-79264d498084" daemon [_thread_blocked, id=48840, stack(0x0000009e67400000,0x0000009e67500000) (1024K)]
  0x0000025d8e06f2e0 JavaThread "Start Level: Equinox Container: 0a31c424-04b1-4617-9d48-79264d498084" daemon [_thread_blocked, id=41940, stack(0x0000009e67500000,0x0000009e67600000) (1024K)]
  0x0000025d8f23c240 JavaThread "Bundle File Closer"         daemon [_thread_blocked, id=35368, stack(0x0000009e67700000,0x0000009e67800000) (1024K)]
  0x0000025d8ee93ce0 JavaThread "SCR Component Actor"        daemon [_thread_blocked, id=12668, stack(0x0000009e67600000,0x0000009e67700000) (1024K)]
  0x0000025d8ee95db0 JavaThread "Worker-JM"                         [_thread_blocked, id=35928, stack(0x0000009e67800000,0x0000009e67900000) (1024K)]
  0x0000025d8ee96ad0 JavaThread "JNA Cleaner"                daemon [_thread_blocked, id=48872, stack(0x0000009e67900000,0x0000009e67a00000) (1024K)]
  0x0000025d8ee95720 JavaThread "Java indexing"              daemon [_thread_blocked, id=30564, stack(0x0000009e65a00000,0x0000009e65b00000) (1024K)]
  0x0000025d8f85c9c0 JavaThread "Thread-1"                   daemon [_thread_in_native, id=33100, stack(0x0000009e68000000,0x0000009e68100000) (1024K)]
  0x0000025d8f85af80 JavaThread "Thread-2"                   daemon [_thread_in_native, id=46576, stack(0x0000009e68100000,0x0000009e68200000) (1024K)]
  0x0000025d8f85d050 JavaThread "Thread-3"                   daemon [_thread_in_native, id=52764, stack(0x0000009e68200000,0x0000009e68300000) (1024K)]
  0x0000025d8f85ea90 JavaThread "Thread-4"                   daemon [_thread_in_native, id=49020, stack(0x0000009e68300000,0x0000009e68400000) (1024K)]
  0x0000025d8f85b610 JavaThread "Thread-5"                   daemon [_thread_in_native, id=44328, stack(0x0000009e68400000,0x0000009e68500000) (1024K)]
  0x0000025d8f85dd70 JavaThread "Thread-6"                   daemon [_thread_in_native, id=46132, stack(0x0000009e68500000,0x0000009e68600000) (1024K)]
  0x0000025d8f85f120 JavaThread "Thread-7"                   daemon [_thread_in_native, id=11500, stack(0x0000009e68600000,0x0000009e68700000) (1024K)]
  0x0000025d8f85d6e0 JavaThread "Thread-8"                   daemon [_thread_in_native, id=10764, stack(0x0000009e68700000,0x0000009e68800000) (1024K)]
  0x0000025d8f85bca0 JavaThread "Thread-9"                   daemon [_thread_in_native, id=43672, stack(0x0000009e68800000,0x0000009e68900000) (1024K)]
  0x0000025d8f85f7b0 JavaThread "pool-2-thread-1"                   [_thread_blocked, id=52956, stack(0x0000009e68a00000,0x0000009e68b00000) (1024K)]
  0x0000025d8f85c330 JavaThread "WorkspaceEventsHandler"            [_thread_blocked, id=824, stack(0x0000009e68b00000,0x0000009e68c00000) (1024K)]
  0x0000025d8f861880 JavaThread "pool-1-thread-1"                   [_thread_blocked, id=34448, stack(0x0000009e68c00000,0x0000009e68d00000) (1024K)]
  0x0000025d907e28e0 JavaThread "Worker-11"                         [_thread_blocked, id=30896, stack(0x0000009e65b00000,0x0000009e65c00000) (1024K)]
  0x0000025d907e2f70 JavaThread "Worker-15"                         [_thread_blocked, id=53856, stack(0x0000009e67d00000,0x0000009e67e00000) (1024K)]
  0x0000025d907e5040 JavaThread "LocalFile Deleter"          daemon [_thread_blocked, id=34300, stack(0x0000009e68e00000,0x0000009e68f00000) (1024K)]
  0x0000025d907e56d0 JavaThread "LocalFile Deleter"          daemon [_thread_blocked, id=24056, stack(0x0000009e69100000,0x0000009e69200000) (1024K)]
  0x0000025d907e5d60 JavaThread "LocalFile Deleter"          daemon [_thread_blocked, id=52768, stack(0x0000009e69200000,0x0000009e69300000) (1024K)]
  0x0000025d907e63f0 JavaThread "LocalFile Deleter"          daemon [_thread_blocked, id=47676, stack(0x0000009e69300000,0x0000009e69400000) (1024K)]
  0x0000025d8f85a8f0 JavaThread "Compiler Source File Reader" daemon [_thread_blocked, id=34128, stack(0x0000009e69400000,0x0000009e69500000) (1024K)]
  0x0000025d8f85fe40 JavaThread "Compiler Source File Reader" daemon [_thread_blocked, id=16460, stack(0x0000009e69500000,0x0000009e69600000) (1024K)]
  0x0000025d8f860b60 JavaThread "Compiler Source File Reader" daemon [_thread_blocked, id=43996, stack(0x0000009e69600000,0x0000009e69700000) (1024K)]
  0x0000025d8f8604d0 JavaThread "Compiler Source File Reader" daemon [_thread_blocked, id=49404, stack(0x0000009e69700000,0x0000009e69800000) (1024K)]
  0x0000025d8f8611f0 JavaThread "Compiler Source File Reader" daemon [_thread_blocked, id=26760, stack(0x0000009e69800000,0x0000009e69900000) (1024K)]
  0x0000025d8f85e400 JavaThread "Compiler Source File Reader" daemon [_thread_blocked, id=49716, stack(0x0000009e69900000,0x0000009e69a00000) (1024K)]
  0x0000025d8ee94a00 JavaThread "Compiler Class File Writer" daemon [_thread_blocked, id=53812, stack(0x0000009e69c00000,0x0000009e69d00000) (1024K)]
  0x0000025d8ee93650 JavaThread "Compiler Class File Writer" daemon [_thread_blocked, id=36728, stack(0x0000009e69d00000,0x0000009e69e00000) (1024K)]
  0x0000025d8ee95090 JavaThread "Compiler Class File Writer" daemon [_thread_blocked, id=51968, stack(0x0000009e69e00000,0x0000009e69f00000) (1024K)]
  0x0000025d92c21b30 JavaThread "Compiler Class File Writer" daemon [_thread_blocked, id=43520, stack(0x0000009e69f00000,0x0000009e6a000000) (1024K)]
  0x0000025d92c221c0 JavaThread "Compiler Class File Writer" daemon [_thread_blocked, id=53416, stack(0x0000009e6a000000,0x0000009e6a100000) (1024K)]
  0x0000025d92c24290 JavaThread "Compiler Class File Writer" daemon [_thread_blocked, id=13676, stack(0x0000009e6a100000,0x0000009e6a200000) (1024K)]
  0x0000025d92c24920 JavaThread "ForkJoinPool.commonPool-worker-12" daemon [_thread_blocked, id=50860, stack(0x0000009e67a00000,0x0000009e67b00000) (1024K)]
  0x0000025d92c214a0 JavaThread "ForkJoinPool.commonPool-worker-13" daemon [_thread_blocked, id=39832, stack(0x0000009e67c00000,0x0000009e67d00000) (1024K)]
  0x0000025d92c22850 JavaThread "ForkJoinPool.commonPool-worker-14" daemon [_thread_blocked, id=53840, stack(0x0000009e67e00000,0x0000009e67f00000) (1024K)]
  0x0000025d92c26360 JavaThread "ForkJoinPool.commonPool-worker-15" daemon [_thread_blocked, id=35380, stack(0x0000009e67f00000,0x0000009e68000000) (1024K)]
  0x0000025d92c22ee0 JavaThread "ForkJoinPool.commonPool-worker-16" daemon [_thread_blocked, id=36072, stack(0x0000009e68900000,0x0000009e68a00000) (1024K)]
  0x0000025d92c27da0 JavaThread "ForkJoinPool.commonPool-worker-17" daemon [_thread_blocked, id=52828, stack(0x0000009e68d00000,0x0000009e68e00000) (1024K)]
  0x0000025d92c27710 JavaThread "HttpClient-1-SelectorManager" daemon [_thread_in_native, id=47328, stack(0x0000009e69a00000,0x0000009e69b00000) (1024K)]
  0x0000025d92c269f0 JavaThread "Cleaner-0"                  daemon [_thread_blocked, id=46752, stack(0x0000009e69b00000,0x0000009e69c00000) (1024K)]
Total: 58

Other Threads:
  0x0000025d3095f800 VMThread "VM Thread"                           [id=42628, stack(0x0000009e66000000,0x0000009e66100000) (1024K)]
  0x0000025d4724cb20 WatcherThread "VM Periodic Task Thread"        [id=18128, stack(0x0000009e65f00000,0x0000009e66000000) (1024K)]
  0x0000025d308dad80 WorkerThread "GC Thread#0"                     [id=10336, stack(0x0000009e65e00000,0x0000009e65f00000) (1024K)]
  0x0000025d8e467cc0 WorkerThread "GC Thread#1"                     [id=1324, stack(0x0000009e66c00000,0x0000009e66d00000) (1024K)]
  0x0000025d8e1ed250 WorkerThread "GC Thread#2"                     [id=43768, stack(0x0000009e66d00000,0x0000009e66e00000) (1024K)]
  0x0000025d8e1ed600 WorkerThread "GC Thread#3"                     [id=38436, stack(0x0000009e66e00000,0x0000009e66f00000) (1024K)]
  0x0000025d8e1ed9b0 WorkerThread "GC Thread#4"                     [id=12072, stack(0x0000009e66f00000,0x0000009e67000000) (1024K)]
  0x0000025d8e1edd60 WorkerThread "GC Thread#5"                     [id=26824, stack(0x0000009e67000000,0x0000009e67100000) (1024K)]
  0x0000025d8e6dbec0 WorkerThread "GC Thread#6"                     [id=39416, stack(0x0000009e67100000,0x0000009e67200000) (1024K)]
  0x0000025d8e1058c0 WorkerThread "GC Thread#7"                     [id=29484, stack(0x0000009e67200000,0x0000009e67300000) (1024K)]
Total: 10

Threads with active compile tasks:
Total: 0

VM state: not at safepoint (normal execution)

VM Mutex/Monitor currently owned by a thread: None

Heap address: 0x0000000080000000, size: 2048 MB, Compressed Oops mode: 32-bit

CDS archive(s) mapped at: [0x0000025d48000000-0x0000025d48ba0000-0x0000025d48ba0000), size 12189696, SharedBaseAddress: 0x0000025d48000000, ArchiveRelocationMode: 1.
Compressed class space mapped at: 0x0000025d49000000-0x0000025d89000000, reserved size: 1073741824
Narrow klass base: 0x0000025d48000000, Narrow klass shift: 0, Narrow klass range: 0x100000000

GC Precious Log:
 CardTable entry size: 512
 CPUs: 8 total, 8 available
 Memory: 7902M
 Large Page Support: Disabled
 NUMA Support: Disabled
 Compressed Oops: Enabled (32-bit)
 Alignments: Space 512K, Generation 512K, Heap 2M
 Heap Min Capacity: 100M
 Heap Initial Capacity: 100M
 Heap Max Capacity: 2G
 Pre-touch: Disabled
 Parallel Workers: 8

Heap:
 PSYoungGen      total 1536K, used 650K [0x00000000d5580000, 0x00000000d5880000, 0x0000000100000000)
  eden space 1024K, 33% used [0x00000000d5580000,0x00000000d55d6918,0x00000000d5680000)
  from space 512K, 59% used [0x00000000d5780000,0x00000000d57cc030,0x00000000d5800000)
  to   space 512K, 0% used [0x00000000d5800000,0x00000000d5800000,0x00000000d5880000)
 ParOldGen       total 359424K, used 208097K [0x0000000080000000, 0x0000000095f00000, 0x00000000d5580000)
  object space 359424K, 57% used [0x0000000080000000,0x000000008cb38628,0x0000000095f00000)
 Metaspace       used 86360K, committed 87872K, reserved 1179648K
  class space    used 8945K, committed 9600K, reserved 1048576K

Card table byte_map: [0x0000025d30260000,0x0000025d30670000] _byte_map_base: 0x0000025d2fe60000

Marking Bits: (ParMarkBitMap*) 0x00007ff83ded3450
 Begin Bits: [0x0000025d42d70000, 0x0000025d44d70000)
 End Bits:   [0x0000025d44d70000, 0x0000025d46d70000)

Polling page: 0x0000025d2e880000

Metaspace:

Usage:
  Non-class:     75.60 MB used.
      Class:      8.74 MB used.
       Both:     84.34 MB used.

Virtual space:
  Non-class space:      128.00 MB reserved,      76.44 MB ( 60%) committed,  2 nodes.
      Class space:        1.00 GB reserved,       9.38 MB ( <1%) committed,  1 nodes.
             Both:        1.12 GB reserved,      85.81 MB (  7%) committed. 

Chunk freelists:
   Non-Class:  3.29 MB
       Class:  6.61 MB
        Both:  9.91 MB

MaxMetaspaceSize: unlimited
CompressedClassSpaceSize: 1.00 GB
Initial GC threshold: 21.00 MB
Current GC threshold: 136.50 MB
CDS: on
 - commit_granule_bytes: 65536.
 - commit_granule_words: 8192.
 - virtual_space_node_default_size: 8388608.
 - enlarge_chunks_in_place: 1.
 - use_allocation_guard: 0.


Internal statistics:

num_allocs_failed_limit: 9.
num_arena_births: 1530.
num_arena_deaths: 342.
num_vsnodes_births: 3.
num_vsnodes_deaths: 0.
num_space_committed: 1373.
num_space_uncommitted: 0.
num_chunks_returned_to_freelist: 414.
num_chunks_taken_from_freelist: 5822.
num_chunk_merges: 119.
num_chunk_splits: 3362.
num_chunks_enlarged: 1819.
num_inconsistent_stats: 0.

CodeHeap 'non-profiled nmethods': size=120000Kb used=14757Kb max_used=14757Kb free=105242Kb
 bounds [0x0000025d3b590000, 0x0000025d3c420000, 0x0000025d42ac0000]
CodeHeap 'profiled nmethods': size=120000Kb used=39761Kb max_used=41675Kb free=80238Kb
 bounds [0x0000025d33ac0000, 0x0000025d363b0000, 0x0000025d3aff0000]
CodeHeap 'non-nmethods': size=5760Kb used=1521Kb max_used=1632Kb free=4238Kb
 bounds [0x0000025d3aff0000, 0x0000025d3b260000, 0x0000025d3b590000]
CodeCache: size=245760Kb, used=56039Kb, max_used=58064Kb, free=189718Kb
 total_blobs=17037, nmethods=16193, adapters=747, full_count=0
Compilation: enabled, stopped_count=0, restarted_count=0

Compilation events (20 events):
Event: 7561.236 Thread 0x0000025d47346340 18405       4       java.io.DataOutputStream::writeInt (28 bytes)
Event: 7561.257 Thread 0x0000025d47346340 nmethod 18405 0x0000025d3b9c2190 code [0x0000025d3b9c23e0, 0x0000025d3b9c2bb0]
Event: 7561.257 Thread 0x0000025d47346340 18404       4       java.io.DataOutputStream::incCount (20 bytes)
Event: 7561.258 Thread 0x0000025d47346340 nmethod 18404 0x0000025d3b9a8b10 code [0x0000025d3b9a8ca0, 0x0000025d3b9a8d50]
Event: 7561.278 Thread 0x0000025d8e045c40 18410       3       org.eclipse.core.internal.jobs.InternalJob::remove (48 bytes)
Event: 7561.278 Thread 0x0000025d8e045c40 nmethod 18410 0x0000025d34708b10 code [0x0000025d34708cc0, 0x0000025d34708ed8]
Event: 7561.370 Thread 0x0000025d8e045c40 18411       3       org.eclipse.jdt.internal.core.builder.ClasspathJrt$$Lambda/0x0000025d497cb530::apply (12 bytes)
Event: 7561.371 Thread 0x0000025d8e045c40 nmethod 18411 0x0000025d3480e990 code [0x0000025d3480eb40, 0x0000025d3480ee00]
Event: 7561.383 Thread 0x0000025d47346340 18412       4       sun.nio.fs.WindowsFileSystemProvider::readAttributes (63 bytes)
Event: 7561.438 Thread 0x0000025d8e045c40 18414       3       com.sun.org.apache.xerces.internal.dom.DeferredDocumentImpl::getNodeObject (497 bytes)
Event: 7561.447 Thread 0x0000025d8e045c40 nmethod 18414 0x0000025d34d5b590 code [0x0000025d34d5ba40, 0x0000025d34d5de08]
Event: 7561.469 Thread 0x0000025d8e045c40 18416       3       com.sun.org.apache.xerces.internal.dom.DeferredDocumentImpl::appendChild (81 bytes)
Event: 7561.469 Thread 0x0000025d8e045c40 nmethod 18416 0x0000025d34907590 code [0x0000025d34907760, 0x0000025d34907a88]
Event: 7561.505 Thread 0x0000025d47346340 nmethod 18412 0x0000025d3c413a90 code [0x0000025d3c413ee0, 0x0000025d3c415978]
Event: 7561.505 Thread 0x0000025d47346340 18415       4       java.net.URI$Parser::scan (53 bytes)
Event: 7561.520 Thread 0x0000025d47346340 nmethod 18415 0x0000025d3b9c1290 code [0x0000025d3b9c1480, 0x0000025d3b9c1b30]
Event: 7561.520 Thread 0x0000025d47346340 18413       4       sun.nio.fs.WindowsFileSystemProvider::getFileAttributeView (118 bytes)
Event: 7561.523 Thread 0x0000025d47346340 nmethod 18413 0x0000025d3b8e2e90 code [0x0000025d3b8e3040, 0x0000025d3b8e3240]
Event: 7561.523 Thread 0x0000025d47346340 18417       4       org.eclipse.core.internal.dtree.AbstractDataTreeNode::size (6 bytes)
Event: 7561.524 Thread 0x0000025d47346340 nmethod 18417 0x0000025d3b8e2b90 code [0x0000025d3b8e2d20, 0x0000025d3b8e2dc8]

GC Heap History (20 events):
Event: 7498.516 GC heap before
{Heap before GC invocations=766 (full 4):
 PSYoungGen      total 1536K, used 1344K [0x00000000d5580000, 0x00000000d5880000, 0x0000000100000000)
  eden space 1024K, 100% used [0x00000000d5580000,0x00000000d5680000,0x00000000d5680000)
  from space 512K, 62% used [0x00000000d5780000,0x00000000d57d0000,0x00000000d5800000)
  to   space 512K, 0% used [0x00000000d5800000,0x00000000d5800000,0x00000000d5880000)
 ParOldGen       total 359424K, used 206469K [0x0000000080000000, 0x0000000095f00000, 0x00000000d5580000)
  object space 359424K, 57% used [0x0000000080000000,0x000000008c9a1418,0x0000000095f00000)
 Metaspace       used 86094K, committed 87552K, reserved 1179648K
  class space    used 8911K, committed 9536K, reserved 1048576K
}
Event: 7498.519 GC heap after
{Heap after GC invocations=766 (full 4):
 PSYoungGen      total 1536K, used 404K [0x00000000d5580000, 0x00000000d5880000, 0x0000000100000000)
  eden space 1024K, 0% used [0x00000000d5580000,0x00000000d5580000,0x00000000d5680000)
  from space 512K, 79% used [0x00000000d5800000,0x00000000d5865200,0x00000000d5880000)
  to   space 512K, 0% used [0x00000000d5780000,0x00000000d5780000,0x00000000d5800000)
 ParOldGen       total 359424K, used 206653K [0x0000000080000000, 0x0000000095f00000, 0x00000000d5580000)
  object space 359424K, 57% used [0x0000000080000000,0x000000008c9cf418,0x0000000095f00000)
 Metaspace       used 86094K, committed 87552K, reserved 1179648K
  class space    used 8911K, committed 9536K, reserved 1048576K
}
Event: 7498.529 GC heap before
{Heap before GC invocations=767 (full 4):
 PSYoungGen      total 1536K, used 1428K [0x00000000d5580000, 0x00000000d5880000, 0x0000000100000000)
  eden space 1024K, 100% used [0x00000000d5580000,0x00000000d5680000,0x00000000d5680000)
  from space 512K, 79% used [0x00000000d5800000,0x00000000d5865200,0x00000000d5880000)
  to   space 512K, 0% used [0x00000000d5780000,0x00000000d5780000,0x00000000d5800000)
 ParOldGen       total 359424K, used 206653K [0x0000000080000000, 0x0000000095f00000, 0x00000000d5580000)
  object space 359424K, 57% used [0x0000000080000000,0x000000008c9cf418,0x0000000095f00000)
 Metaspace       used 86094K, committed 87552K, reserved 1179648K
  class space    used 8911K, committed 9536K, reserved 1048576K
}
Event: 7498.532 GC heap after
{Heap after GC invocations=767 (full 4):
 PSYoungGen      total 1536K, used 320K [0x00000000d5580000, 0x00000000d5880000, 0x0000000100000000)
  eden space 1024K, 0% used [0x00000000d5580000,0x00000000d5580000,0x00000000d5680000)
  from space 512K, 62% used [0x00000000d5780000,0x00000000d57d0000,0x00000000d5800000)
  to   space 512K, 0% used [0x00000000d5800000,0x00000000d5800000,0x00000000d5880000)
 ParOldGen       total 359424K, used 206921K [0x0000000080000000, 0x0000000095f00000, 0x00000000d5580000)
  object space 359424K, 57% used [0x0000000080000000,0x000000008ca12618,0x0000000095f00000)
 Metaspace       used 86094K, committed 87552K, reserved 1179648K
  class space    used 8911K, committed 9536K, reserved 1048576K
}
Event: 7498.541 GC heap before
{Heap before GC invocations=768 (full 4):
 PSYoungGen      total 1536K, used 1344K [0x00000000d5580000, 0x00000000d5880000, 0x0000000100000000)
  eden space 1024K, 100% used [0x00000000d5580000,0x00000000d5680000,0x00000000d5680000)
  from space 512K, 62% used [0x00000000d5780000,0x00000000d57d0000,0x00000000d5800000)
  to   space 512K, 0% used [0x00000000d5800000,0x00000000d5800000,0x00000000d5880000)
 ParOldGen       total 359424K, used 206921K [0x0000000080000000, 0x0000000095f00000, 0x00000000d5580000)
  object space 359424K, 57% used [0x0000000080000000,0x000000008ca12618,0x0000000095f00000)
 Metaspace       used 86095K, committed 87616K, reserved 1179648K
  class space    used 8911K, committed 9536K, reserved 1048576K
}
Event: 7498.544 GC heap after
{Heap after GC invocations=768 (full 4):
 PSYoungGen      total 1536K, used 288K [0x00000000d5580000, 0x00000000d5880000, 0x0000000100000000)
  eden space 1024K, 0% used [0x00000000d5580000,0x00000000d5580000,0x00000000d5680000)
  from space 512K, 56% used [0x00000000d5800000,0x00000000d5848000,0x00000000d5880000)
  to   space 512K, 0% used [0x00000000d5780000,0x00000000d5780000,0x00000000d5800000)
 ParOldGen       total 359424K, used 207169K [0x0000000080000000, 0x0000000095f00000, 0x00000000d5580000)
  object space 359424K, 57% used [0x0000000080000000,0x000000008ca50628,0x0000000095f00000)
 Metaspace       used 86095K, committed 87616K, reserved 1179648K
  class space    used 8911K, committed 9536K, reserved 1048576K
}
Event: 7498.549 GC heap before
{Heap before GC invocations=769 (full 4):
 PSYoungGen      total 1536K, used 1312K [0x00000000d5580000, 0x00000000d5880000, 0x0000000100000000)
  eden space 1024K, 100% used [0x00000000d5580000,0x00000000d5680000,0x00000000d5680000)
  from space 512K, 56% used [0x00000000d5800000,0x00000000d5848000,0x00000000d5880000)
  to   space 512K, 0% used [0x00000000d5780000,0x00000000d5780000,0x00000000d5800000)
 ParOldGen       total 359424K, used 207169K [0x0000000080000000, 0x0000000095f00000, 0x00000000d5580000)
  object space 359424K, 57% used [0x0000000080000000,0x000000008ca50628,0x0000000095f00000)
 Metaspace       used 86095K, committed 87616K, reserved 1179648K
  class space    used 8911K, committed 9536K, reserved 1048576K
}
Event: 7498.551 GC heap after
{Heap after GC invocations=769 (full 4):
 PSYoungGen      total 1536K, used 256K [0x00000000d5580000, 0x00000000d5880000, 0x0000000100000000)
  eden space 1024K, 0% used [0x00000000d5580000,0x00000000d5580000,0x00000000d5680000)
  from space 512K, 50% used [0x00000000d5780000,0x00000000d57c0000,0x00000000d5800000)
  to   space 512K, 0% used [0x00000000d5800000,0x00000000d5800000,0x00000000d5880000)
 ParOldGen       total 359424K, used 207361K [0x0000000080000000, 0x0000000095f00000, 0x00000000d5580000)
  object space 359424K, 57% used [0x0000000080000000,0x000000008ca80628,0x0000000095f00000)
 Metaspace       used 86095K, committed 87616K, reserved 1179648K
  class space    used 8911K, committed 9536K, reserved 1048576K
}
Event: 7498.561 GC heap before
{Heap before GC invocations=770 (full 4):
 PSYoungGen      total 1536K, used 1280K [0x00000000d5580000, 0x00000000d5880000, 0x0000000100000000)
  eden space 1024K, 100% used [0x00000000d5580000,0x00000000d5680000,0x00000000d5680000)
  from space 512K, 50% used [0x00000000d5780000,0x00000000d57c0000,0x00000000d5800000)
  to   space 512K, 0% used [0x00000000d5800000,0x00000000d5800000,0x00000000d5880000)
 ParOldGen       total 359424K, used 207361K [0x0000000080000000, 0x0000000095f00000, 0x00000000d5580000)
  object space 359424K, 57% used [0x0000000080000000,0x000000008ca80628,0x0000000095f00000)
 Metaspace       used 86095K, committed 87616K, reserved 1179648K
  class space    used 8911K, committed 9536K, reserved 1048576K
}
Event: 7498.564 GC heap after
{Heap after GC invocations=770 (full 4):
 PSYoungGen      total 1536K, used 288K [0x00000000d5580000, 0x00000000d5880000, 0x0000000100000000)
  eden space 1024K, 0% used [0x00000000d5580000,0x00000000d5580000,0x00000000d5680000)
  from space 512K, 56% used [0x00000000d5800000,0x00000000d5848000,0x00000000d5880000)
  to   space 512K, 0% used [0x00000000d5780000,0x00000000d5780000,0x00000000d5800000)
 ParOldGen       total 359424K, used 207481K [0x0000000080000000, 0x0000000095f00000, 0x00000000d5580000)
  object space 359424K, 57% used [0x0000000080000000,0x000000008ca9e628,0x0000000095f00000)
 Metaspace       used 86095K, committed 87616K, reserved 1179648K
  class space    used 8911K, committed 9536K, reserved 1048576K
}
Event: 7506.289 GC heap before
{Heap before GC invocations=771 (full 4):
 PSYoungGen      total 1536K, used 1311K [0x00000000d5580000, 0x00000000d5880000, 0x0000000100000000)
  eden space 1024K, 99% used [0x00000000d5580000,0x00000000d567fff0,0x00000000d5680000)
  from space 512K, 56% used [0x00000000d5800000,0x00000000d5848000,0x00000000d5880000)
  to   space 512K, 0% used [0x00000000d5780000,0x00000000d5780000,0x00000000d5800000)
 ParOldGen       total 359424K, used 207481K [0x0000000080000000, 0x0000000095f00000, 0x00000000d5580000)
  object space 359424K, 57% used [0x0000000080000000,0x000000008ca9e628,0x0000000095f00000)
 Metaspace       used 86095K, committed 87616K, reserved 1179648K
  class space    used 8911K, committed 9536K, reserved 1048576K
}
Event: 7506.297 GC heap after
{Heap after GC invocations=771 (full 4):
 PSYoungGen      total 1536K, used 320K [0x00000000d5580000, 0x00000000d5880000, 0x0000000100000000)
  eden space 1024K, 0% used [0x00000000d5580000,0x00000000d5580000,0x00000000d5680000)
  from space 512K, 62% used [0x00000000d5780000,0x00000000d57d0000,0x00000000d5800000)
  to   space 512K, 0% used [0x00000000d5800000,0x00000000d5800000,0x00000000d5880000)
 ParOldGen       total 359424K, used 207673K [0x0000000080000000, 0x0000000095f00000, 0x00000000d5580000)
  object space 359424K, 57% used [0x0000000080000000,0x000000008cace628,0x0000000095f00000)
 Metaspace       used 86095K, committed 87616K, reserved 1179648K
  class space    used 8911K, committed 9536K, reserved 1048576K
}
Event: 7560.368 GC heap before
{Heap before GC invocations=772 (full 4):
 PSYoungGen      total 1536K, used 1334K [0x00000000d5580000, 0x00000000d5880000, 0x0000000100000000)
  eden space 1024K, 99% used [0x00000000d5580000,0x00000000d567d9b8,0x00000000d5680000)
  from space 512K, 62% used [0x00000000d5780000,0x00000000d57d0000,0x00000000d5800000)
  to   space 512K, 0% used [0x00000000d5800000,0x00000000d5800000,0x00000000d5880000)
 ParOldGen       total 359424K, used 207673K [0x0000000080000000, 0x0000000095f00000, 0x00000000d5580000)
  object space 359424K, 57% used [0x0000000080000000,0x000000008cace628,0x0000000095f00000)
 Metaspace       used 86196K, committed 87680K, reserved 1179648K
  class space    used 8924K, committed 9536K, reserved 1048576K
}
Event: 7560.453 GC heap after
{Heap after GC invocations=772 (full 4):
 PSYoungGen      total 1536K, used 224K [0x00000000d5580000, 0x00000000d5880000, 0x0000000100000000)
  eden space 1024K, 0% used [0x00000000d5580000,0x00000000d5580000,0x00000000d5680000)
  from space 512K, 43% used [0x00000000d5800000,0x00000000d5838000,0x00000000d5880000)
  to   space 512K, 0% used [0x00000000d5780000,0x00000000d5780000,0x00000000d5800000)
 ParOldGen       total 359424K, used 207825K [0x0000000080000000, 0x0000000095f00000, 0x00000000d5580000)
  object space 359424K, 57% used [0x0000000080000000,0x000000008caf4628,0x0000000095f00000)
 Metaspace       used 86196K, committed 87680K, reserved 1179648K
  class space    used 8924K, committed 9536K, reserved 1048576K
}
Event: 7560.909 GC heap before
{Heap before GC invocations=773 (full 4):
 PSYoungGen      total 1536K, used 1248K [0x00000000d5580000, 0x00000000d5880000, 0x0000000100000000)
  eden space 1024K, 100% used [0x00000000d5580000,0x00000000d5680000,0x00000000d5680000)
  from space 512K, 43% used [0x00000000d5800000,0x00000000d5838000,0x00000000d5880000)
  to   space 512K, 0% used [0x00000000d5780000,0x00000000d5780000,0x00000000d5800000)
 ParOldGen       total 359424K, used 207825K [0x0000000080000000, 0x0000000095f00000, 0x00000000d5580000)
  object space 359424K, 57% used [0x0000000080000000,0x000000008caf4628,0x0000000095f00000)
 Metaspace       used 86287K, committed 87808K, reserved 1179648K
  class space    used 8935K, committed 9600K, reserved 1048576K
}
Event: 7560.915 GC heap after
{Heap after GC invocations=773 (full 4):
 PSYoungGen      total 1536K, used 256K [0x00000000d5580000, 0x00000000d5880000, 0x0000000100000000)
  eden space 1024K, 0% used [0x00000000d5580000,0x00000000d5580000,0x00000000d5680000)
  from space 512K, 50% used [0x00000000d5780000,0x00000000d57c0000,0x00000000d5800000)
  to   space 512K, 0% used [0x00000000d5800000,0x00000000d5800000,0x00000000d5880000)
 ParOldGen       total 359424K, used 207881K [0x0000000080000000, 0x0000000095f00000, 0x00000000d5580000)
  object space 359424K, 57% used [0x0000000080000000,0x000000008cb02628,0x0000000095f00000)
 Metaspace       used 86287K, committed 87808K, reserved 1179648K
  class space    used 8935K, committed 9600K, reserved 1048576K
}
Event: 7561.153 GC heap before
{Heap before GC invocations=774 (full 4):
 PSYoungGen      total 1536K, used 1280K [0x00000000d5580000, 0x00000000d5880000, 0x0000000100000000)
  eden space 1024K, 100% used [0x00000000d5580000,0x00000000d5680000,0x00000000d5680000)
  from space 512K, 50% used [0x00000000d5780000,0x00000000d57c0000,0x00000000d5800000)
  to   space 512K, 0% used [0x00000000d5800000,0x00000000d5800000,0x00000000d5880000)
 ParOldGen       total 359424K, used 207881K [0x0000000080000000, 0x0000000095f00000, 0x00000000d5580000)
  object space 359424K, 57% used [0x0000000080000000,0x000000008cb02628,0x0000000095f00000)
 Metaspace       used 86355K, committed 87872K, reserved 1179648K
  class space    used 8945K, committed 9600K, reserved 1048576K
}
Event: 7561.155 GC heap after
{Heap after GC invocations=774 (full 4):
 PSYoungGen      total 1536K, used 256K [0x00000000d5580000, 0x00000000d5880000, 0x0000000100000000)
  eden space 1024K, 0% used [0x00000000d5580000,0x00000000d5580000,0x00000000d5680000)
  from space 512K, 50% used [0x00000000d5800000,0x00000000d5840000,0x00000000d5880000)
  to   space 512K, 0% used [0x00000000d5780000,0x00000000d5780000,0x00000000d5800000)
 ParOldGen       total 359424K, used 207977K [0x0000000080000000, 0x0000000095f00000, 0x00000000d5580000)
  object space 359424K, 57% used [0x0000000080000000,0x000000008cb1a628,0x0000000095f00000)
 Metaspace       used 86355K, committed 87872K, reserved 1179648K
  class space    used 8945K, committed 9600K, reserved 1048576K
}
Event: 7561.462 GC heap before
{Heap before GC invocations=775 (full 4):
 PSYoungGen      total 1536K, used 1280K [0x00000000d5580000, 0x00000000d5880000, 0x0000000100000000)
  eden space 1024K, 100% used [0x00000000d5580000,0x00000000d5680000,0x00000000d5680000)
  from space 512K, 50% used [0x00000000d5800000,0x00000000d5840000,0x00000000d5880000)
  to   space 512K, 0% used [0x00000000d5780000,0x00000000d5780000,0x00000000d5800000)
 ParOldGen       total 359424K, used 207977K [0x0000000080000000, 0x0000000095f00000, 0x00000000d5580000)
  object space 359424K, 57% used [0x0000000080000000,0x000000008cb1a628,0x0000000095f00000)
 Metaspace       used 86359K, committed 87872K, reserved 1179648K
  class space    used 8945K, committed 9600K, reserved 1048576K
}
Event: 7561.468 GC heap after
{Heap after GC invocations=775 (full 4):
 PSYoungGen      total 1536K, used 304K [0x00000000d5580000, 0x00000000d5880000, 0x0000000100000000)
  eden space 1024K, 0% used [0x00000000d5580000,0x00000000d5580000,0x00000000d5680000)
  from space 512K, 59% used [0x00000000d5780000,0x00000000d57cc030,0x00000000d5800000)
  to   space 512K, 0% used [0x00000000d5800000,0x00000000d5800000,0x00000000d5880000)
 ParOldGen       total 359424K, used 208097K [0x0000000080000000, 0x0000000095f00000, 0x00000000d5580000)
  object space 359424K, 57% used [0x0000000080000000,0x000000008cb38628,0x0000000095f00000)
 Metaspace       used 86359K, committed 87872K, reserved 1179648K
  class space    used 8945K, committed 9600K, reserved 1048576K
}

Dll operation events (12 events):
Event: 0.050 Loaded shared library c:\Users\Talktech\.vscode\extensions\redhat.java-1.54.0-win32-x64\jre\21.0.10-win32-x86_64\bin\java.dll
Event: 0.342 Loaded shared library c:\Users\Talktech\.vscode\extensions\redhat.java-1.54.0-win32-x64\jre\21.0.10-win32-x86_64\bin\zip.dll
Event: 0.406 Loaded shared library C:\Users\Talktech\.vscode\extensions\redhat.java-1.54.0-win32-x64\jre\21.0.10-win32-x86_64\bin\instrument.dll
Event: 0.432 Loaded shared library C:\Users\Talktech\.vscode\extensions\redhat.java-1.54.0-win32-x64\jre\21.0.10-win32-x86_64\bin\net.dll
Event: 0.446 Loaded shared library C:\Users\Talktech\.vscode\extensions\redhat.java-1.54.0-win32-x64\jre\21.0.10-win32-x86_64\bin\nio.dll
Event: 0.459 Loaded shared library C:\Users\Talktech\.vscode\extensions\redhat.java-1.54.0-win32-x64\jre\21.0.10-win32-x86_64\bin\zip.dll
Event: 0.543 Loaded shared library C:\Users\Talktech\.vscode\extensions\redhat.java-1.54.0-win32-x64\jre\21.0.10-win32-x86_64\bin\jimage.dll
Event: 0.922 Loaded shared library c:\Users\Talktech\.vscode\extensions\redhat.java-1.54.0-win32-x64\jre\21.0.10-win32-x86_64\bin\verify.dll
Event: 22.267 Loaded shared library C:\Users\Talktech\AppData\Roaming\Code\User\globalStorage\redhat.java\1.54.0\config_win\org.eclipse.equinox.launcher\org.eclipse.equinox.launcher.win32.win32.x86_64_1.3.0.v20260203-2149\eclipse_11919.dll
Event: 54.589 Loaded shared library C:\Users\Talktech\AppData\Local\Temp\jna--544955038\jna16506952842885499023.dll
Event: 62.523 Loaded shared library C:\Users\Talktech\.vscode\extensions\redhat.java-1.54.0-win32-x64\jre\21.0.10-win32-x86_64\bin\sunmscapi.dll
Event: 64.785 Loaded shared library C:\Users\Talktech\.vscode\extensions\redhat.java-1.54.0-win32-x64\jre\21.0.10-win32-x86_64\bin\extnet.dll

Deoptimization events (20 events):
Event: 7561.058 Thread 0x0000025d907e28e0 Uncommon trap: trap_request=0xffffffc6 fr.pc=0x0000025d3b8c1c1c relative=0x000000000000079c
Event: 7561.058 Thread 0x0000025d907e28e0 Uncommon trap: reason=bimorphic_or_optimized_type_check action=maybe_recompile pc=0x0000025d3b8c1c1c method=java.io.DataOutputStream.writeInt(I)V @ 19 c2
Event: 7561.058 Thread 0x0000025d907e28e0 DEOPT PACKING pc=0x0000025d3b8c1c1c sp=0x0000009e65bfecd0
Event: 7561.058 Thread 0x0000025d907e28e0 DEOPT UNPACKING pc=0x0000025d3b043aa2 sp=0x0000009e65bfeca8 mode 2
Event: 7561.058 Thread 0x0000025d907e28e0 Uncommon trap: trap_request=0xffffffc6 fr.pc=0x0000025d3b77de5c relative=0x00000000000013dc
Event: 7561.058 Thread 0x0000025d907e28e0 Uncommon trap: reason=bimorphic_or_optimized_type_check action=maybe_recompile pc=0x0000025d3b77de5c method=java.io.DataOutputStream.write([BII)V @ 7 c2
Event: 7561.058 Thread 0x0000025d907e28e0 DEOPT PACKING pc=0x0000025d3b77de5c sp=0x0000009e65bfed10
Event: 7561.058 Thread 0x0000025d907e28e0 DEOPT UNPACKING pc=0x0000025d3b043aa2 sp=0x0000009e65bfec70 mode 2
Event: 7561.058 Thread 0x0000025d907e28e0 Uncommon trap: trap_request=0xffffffc6 fr.pc=0x0000025d3b77de5c relative=0x00000000000013dc
Event: 7561.058 Thread 0x0000025d907e28e0 Uncommon trap: reason=bimorphic_or_optimized_type_check action=maybe_recompile pc=0x0000025d3b77de5c method=java.io.DataOutputStream.write([BII)V @ 7 c2
Event: 7561.058 Thread 0x0000025d907e28e0 DEOPT PACKING pc=0x0000025d3b77de5c sp=0x0000009e65bfed10
Event: 7561.058 Thread 0x0000025d907e28e0 DEOPT UNPACKING pc=0x0000025d3b043aa2 sp=0x0000009e65bfec70 mode 2
Event: 7561.147 Thread 0x0000025d907e28e0 Uncommon trap: trap_request=0xffffffde fr.pc=0x0000025d3c017aac relative=0x00000000000005cc
Event: 7561.147 Thread 0x0000025d907e28e0 Uncommon trap: reason=class_check action=maybe_recompile pc=0x0000025d3c017aac method=java.io.InputStream.read([BII)I @ 15 c2
Event: 7561.147 Thread 0x0000025d907e28e0 DEOPT PACKING pc=0x0000025d3c017aac sp=0x0000009e65bfee60
Event: 7561.147 Thread 0x0000025d907e28e0 DEOPT UNPACKING pc=0x0000025d3b043aa2 sp=0x0000009e65bfede8 mode 2
Event: 7561.148 Thread 0x0000025d907e28e0 Uncommon trap: trap_request=0xffffffde fr.pc=0x0000025d3c017aac relative=0x00000000000005cc
Event: 7561.148 Thread 0x0000025d907e28e0 Uncommon trap: reason=class_check action=maybe_recompile pc=0x0000025d3c017aac method=java.io.InputStream.read([BII)I @ 15 c2
Event: 7561.148 Thread 0x0000025d907e28e0 DEOPT PACKING pc=0x0000025d3c017aac sp=0x0000009e65bfee60
Event: 7561.148 Thread 0x0000025d907e28e0 DEOPT UNPACKING pc=0x0000025d3b043aa2 sp=0x0000009e65bfede8 mode 2

Classes loaded (20 events):
Event: 7441.059 Loading class java/util/LinkedList$LLSpliterator
Event: 7441.059 Loading class java/util/LinkedList$LLSpliterator done
Event: 7443.736 Loading class java/util/stream/ReduceOps$5
Event: 7443.737 Loading class java/util/stream/ReduceOps$5 done
Event: 7443.737 Loading class java/util/stream/ReduceOps$CountingSink$OfRef
Event: 7443.737 Loading class java/util/stream/ReduceOps$CountingSink
Event: 7443.738 Loading class java/util/stream/ReduceOps$CountingSink done
Event: 7443.738 Loading class java/util/stream/ReduceOps$CountingSink$OfRef done
Event: 7444.274 Loading class jdk/internal/module/IllegalAccessLogger
Event: 7444.274 Loading class jdk/internal/module/IllegalAccessLogger done
Event: 7559.486 Loading class java/util/stream/Nodes$CollectorTask$OfRef
Event: 7559.505 Loading class java/util/stream/Nodes$CollectorTask
Event: 7559.528 Loading class java/util/stream/Nodes$CollectorTask done
Event: 7559.528 Loading class java/util/stream/Nodes$CollectorTask$OfRef done
Event: 7560.046 Loading class java/util/function/LongFunction
Event: 7560.051 Loading class java/util/function/LongFunction done
Event: 7560.065 Loading class java/util/stream/Nodes$ConcNode
Event: 7560.077 Loading class java/util/stream/Nodes$AbstractConcNode
Event: 7560.097 Loading class java/util/stream/Nodes$AbstractConcNode done
Event: 7560.098 Loading class java/util/stream/Nodes$ConcNode done

Classes unloaded (20 events):
Event: 7436.747 Thread 0x0000025d3095f800 Unloading class 0x0000025d49016400 'java/lang/invoke/LambdaForm$MH+0x0000025d49016400'
Event: 7436.747 Thread 0x0000025d3095f800 Unloading class 0x0000025d4900d800 'java/lang/invoke/LambdaForm$MH+0x0000025d4900d800'
Event: 7436.748 Thread 0x0000025d3095f800 Unloading class 0x0000025d4900d400 'java/lang/invoke/LambdaForm$MH+0x0000025d4900d400'
Event: 7436.748 Thread 0x0000025d3095f800 Unloading class 0x0000025d4900d000 'java/lang/invoke/LambdaForm$MH+0x0000025d4900d000'
Event: 7436.748 Thread 0x0000025d3095f800 Unloading class 0x0000025d4900cc00 'java/lang/invoke/LambdaForm$MH+0x0000025d4900cc00'
Event: 7436.748 Thread 0x0000025d3095f800 Unloading class 0x0000025d4900c800 'java/lang/invoke/LambdaForm$BMH+0x0000025d4900c800'
Event: 7436.748 Thread 0x0000025d3095f800 Unloading class 0x0000025d4900c000 'java/lang/invoke/LambdaForm$DMH+0x0000025d4900c000'
Event: 7436.748 Thread 0x0000025d3095f800 Unloading class 0x0000025d49008c00 'java/lang/invoke/LambdaForm$MH+0x0000025d49008c00'
Event: 7436.748 Thread 0x0000025d3095f800 Unloading class 0x0000025d49008800 'java/lang/invoke/LambdaForm$MH+0x0000025d49008800'
Event: 7436.748 Thread 0x0000025d3095f800 Unloading class 0x0000025d49008400 'java/lang/invoke/LambdaForm$MH+0x0000025d49008400'
Event: 7436.748 Thread 0x0000025d3095f800 Unloading class 0x0000025d49007000 'java/lang/invoke/LambdaForm$MH+0x0000025d49007000'
Event: 7436.748 Thread 0x0000025d3095f800 Unloading class 0x0000025d49006800 'java/lang/invoke/LambdaForm$MH+0x0000025d49006800'
Event: 7436.749 Thread 0x0000025d3095f800 Unloading class 0x0000025d49006400 'java/lang/invoke/LambdaForm$MH+0x0000025d49006400'
Event: 7436.749 Thread 0x0000025d3095f800 Unloading class 0x0000025d49006000 'java/lang/invoke/LambdaForm$MH+0x0000025d49006000'
Event: 7436.749 Thread 0x0000025d3095f800 Unloading class 0x0000025d49005c00 'java/lang/invoke/LambdaForm$BMH+0x0000025d49005c00'
Event: 7436.749 Thread 0x0000025d3095f800 Unloading class 0x0000025d49004800 'java/lang/invoke/LambdaForm$DMH+0x0000025d49004800'
Event: 7436.749 Thread 0x0000025d3095f800 Unloading class 0x0000025d49002800 'java/lang/invoke/LambdaForm$MH+0x0000025d49002800'
Event: 7436.749 Thread 0x0000025d3095f800 Unloading class 0x0000025d49002400 'java/lang/invoke/LambdaForm$MH+0x0000025d49002400'
Event: 7436.749 Thread 0x0000025d3095f800 Unloading class 0x0000025d49002000 'java/lang/invoke/LambdaForm$MH+0x0000025d49002000'
Event: 7436.749 Thread 0x0000025d3095f800 Unloading class 0x0000025d49001800 'java/lang/invoke/LambdaForm$MH+0x0000025d49001800'

Classes redefined (0 events):
No events

Internal exceptions (20 events):
Event: 7435.800 Thread 0x0000025d92c22ee0 Implicit null exception at 0x0000025d3bc59ada to 0x0000025d3bc59b33
Event: 7436.287 Thread 0x0000025d92c27710 Exception <a 'java/lang/NoSuchMethodError'{0x00000000d55c4060}: 'void java.lang.invoke.DirectMethodHandle$Holder.invokeStatic(java.lang.Object, java.lang.Object, int)'> (0x00000000d55c4060) 
thrown [s\src\hotspot\share\interpreter\linkResolver.cpp, line 773]
Event: 7438.859 Thread 0x0000025d8f861880 Exception <a 'java/lang/IncompatibleClassChangeError'{0x00000000d55a8318}: Found class java.lang.Object, but interface was expected> (0x00000000d55a8318) 
thrown [s\src\hotspot\share\interpreter\linkResolver.cpp, line 840]
Event: 7438.976 Thread 0x0000025d92c27da0 Exception <a 'java/lang/NoSuchMethodError'{0x00000000d5892608}: 'java.lang.Object java.lang.invoke.DirectMethodHandle$Holder.newInvokeSpecial(java.lang.Object, java.lang.Object, int, java.lang.Object, java.lang.Object, java.lang.Object, java.lang.Object)'> (0x00000000d5892608) 
thrown [s\src\hotspot\share\interpreter\linkResolver.cpp, line 773]
Event: 7439.629 Thread 0x0000025d92c23c00 Implicit null exception at 0x0000025d3be85b49 to 0x0000025d3be85bbc
Event: 7439.684 Thread 0x0000025d92c23c00 Implicit null exception at 0x0000025d3b992012 to 0x0000025d3b9920bd
Event: 7440.171 Thread 0x0000025d92c23c00 Implicit null exception at 0x0000025d3b972948 to 0x0000025d3b975a78
Event: 7440.274 Thread 0x0000025d92c22ee0 Implicit null exception at 0x0000025d3c1f24a4 to 0x0000025d3c1f2bc0
Event: 7442.021 Thread 0x0000025d92c23c00 Implicit null exception at 0x0000025d3bbd0425 to 0x0000025d3bbd07e0
Event: 7443.506 Thread 0x0000025d8f861880 Exception <a 'java/lang/IncompatibleClassChangeError'{0x00000000d55976c0}: Found class java.lang.Object, but interface was expected> (0x00000000d55976c0) 
thrown [s\src\hotspot\share\interpreter\linkResolver.cpp, line 840]
Event: 7443.507 Thread 0x0000025d8f861880 Exception <a 'java/lang/IncompatibleClassChangeError'{0x00000000d559b7c0}: Found class java.lang.Object, but interface was expected> (0x00000000d559b7c0) 
thrown [s\src\hotspot\share\interpreter\linkResolver.cpp, line 840]
Event: 7445.913 Thread 0x0000025d8ee95720 Exception <a 'sun/nio/fs/WindowsException'{0x00000000d55b4528}> (0x00000000d55b4528) 
thrown [s\src\hotspot\share\prims\jni.cpp, line 520]
Event: 7446.285 Thread 0x0000025d8ee95720 Implicit null exception at 0x0000025d3b5dc000 to 0x0000025d3b5dc49c
Event: 7560.579 Thread 0x0000025d907e28e0 Exception <a 'sun/nio/fs/WindowsException'{0x00000000d55b66a0}> (0x00000000d55b66a0) 
thrown [s\src\hotspot\share\prims\jni.cpp, line 520]
Event: 7560.581 Thread 0x0000025d907e28e0 Exception <a 'sun/nio/fs/WindowsException'{0x00000000d55b6e70}> (0x00000000d55b6e70) 
thrown [s\src\hotspot\share\prims\jni.cpp, line 520]
Event: 7560.607 Thread 0x0000025d907e28e0 Implicit null exception at 0x0000025d3bc67289 to 0x0000025d3bc67624
Event: 7560.672 Thread 0x0000025d907e28e0 Implicit null exception at 0x0000025d3bef80b9 to 0x0000025d3bef8360
Event: 7560.773 Thread 0x0000025d907e28e0 Implicit null exception at 0x0000025d3bc5fc39 to 0x0000025d3bc5feef
Event: 7560.996 Thread 0x0000025d907e28e0 Exception <a 'java/lang/NoSuchMethodError'{0x00000000d560e4e8}: static Lorg/eclipse/m2e/core/internal/project/registry/MavenProjectFacade$MavenProjectConfiguration;.<clinit>()V> (0x00000000d560e4e8) 
thrown [s\src\hotspot\share\prims\jni.cpp, line 1111]
Event: 7561.018 Thread 0x0000025d907e28e0 Exception <a 'java/lang/NoSuchMethodError'{0x00000000d562bec0}: static [J.<clinit>()V> (0x00000000d562bec0) 
thrown [s\src\hotspot\share\prims\jni.cpp, line 1111]

ZGC Phase Switch (0 events):
No events

VM Operations (20 events):
Event: 7506.287 Executing safepoint VM operation: ParallelGCFailedAllocation (Allocation Failure)
Event: 7506.297 Executing safepoint VM operation: ParallelGCFailedAllocation (Allocation Failure) done
Event: 7507.298 Executing safepoint VM operation: Cleanup
Event: 7507.298 Executing safepoint VM operation: Cleanup done
Event: 7556.311 Executing safepoint VM operation: Cleanup
Event: 7556.314 Executing safepoint VM operation: Cleanup done
Event: 7559.315 Executing safepoint VM operation: Cleanup
Event: 7559.315 Executing safepoint VM operation: Cleanup done
Event: 7560.026 Executing non-safepoint VM operation: HandshakeAllThreads (Deoptimize)
Event: 7560.036 Executing non-safepoint VM operation: HandshakeAllThreads (Deoptimize) done
Event: 7560.367 Executing safepoint VM operation: ParallelGCFailedAllocation (Allocation Failure)
Event: 7560.453 Executing safepoint VM operation: ParallelGCFailedAllocation (Allocation Failure) done
Event: 7560.909 Executing safepoint VM operation: ParallelGCFailedAllocation (Allocation Failure)
Event: 7560.915 Executing safepoint VM operation: ParallelGCFailedAllocation (Allocation Failure) done
Event: 7561.115 Executing non-safepoint VM operation: HandshakeAllThreads (Deoptimize)
Event: 7561.116 Executing non-safepoint VM operation: HandshakeAllThreads (Deoptimize) done
Event: 7561.152 Executing safepoint VM operation: ParallelGCFailedAllocation (Allocation Failure)
Event: 7561.156 Executing safepoint VM operation: ParallelGCFailedAllocation (Allocation Failure) done
Event: 7561.462 Executing safepoint VM operation: ParallelGCFailedAllocation (Allocation Failure)
Event: 7561.468 Executing safepoint VM operation: ParallelGCFailedAllocation (Allocation Failure) done

Memory protections (0 events):
No events

Nmethod flushes (20 events):
Event: 7438.132 Thread 0x0000025d3095f800 flushing  nmethod 0x0000025d34e9d390
Event: 7438.132 Thread 0x0000025d3095f800 flushing  nmethod 0x0000025d34ea1290
Event: 7438.132 Thread 0x0000025d3095f800 flushing  nmethod 0x0000025d34ebab10
Event: 7438.132 Thread 0x0000025d3095f800 flushing  nmethod 0x0000025d34ec6410
Event: 7438.132 Thread 0x0000025d3095f800 flushing  nmethod 0x0000025d34ecab90
Event: 7438.132 Thread 0x0000025d3095f800 flushing  nmethod 0x0000025d34eed990
Event: 7438.132 Thread 0x0000025d3095f800 flushing  nmethod 0x0000025d34f01990
Event: 7438.132 Thread 0x0000025d3095f800 flushing  nmethod 0x0000025d34f26110
Event: 7438.132 Thread 0x0000025d3095f800 flushing  nmethod 0x0000025d34f6a490
Event: 7438.132 Thread 0x0000025d3095f800 flushing  nmethod 0x0000025d34fb0590
Event: 7438.132 Thread 0x0000025d3095f800 flushing  nmethod 0x0000025d34fb0a90
Event: 7438.132 Thread 0x0000025d3095f800 flushing  nmethod 0x0000025d3500f210
Event: 7438.132 Thread 0x0000025d3095f800 flushing  nmethod 0x0000025d35049390
Event: 7438.132 Thread 0x0000025d3095f800 flushing  nmethod 0x0000025d3504a690
Event: 7438.132 Thread 0x0000025d3095f800 flushing  nmethod 0x0000025d3504b710
Event: 7438.132 Thread 0x0000025d3095f800 flushing  nmethod 0x0000025d3504bb90
Event: 7438.132 Thread 0x0000025d3095f800 flushing  nmethod 0x0000025d3504fc10
Event: 7438.132 Thread 0x0000025d3095f800 flushing  nmethod 0x0000025d35050990
Event: 7438.133 Thread 0x0000025d3095f800 flushing  nmethod 0x0000025d35051810
Event: 7438.133 Thread 0x0000025d3095f800 flushing  nmethod 0x0000025d35052410

Events (20 events):
Event: 7441.458 Thread 0x0000025d92c27080 Thread added: 0x0000025d92c25640
Event: 7441.459 Thread 0x0000025d92c27080 Thread added: 0x0000025d92c25cd0
Event: 7441.969 Thread 0x0000025d92c27080 Thread exited: 0x0000025d92c27080
Event: 7441.969 Thread 0x0000025d92c25640 Thread exited: 0x0000025d92c25640
Event: 7441.969 Thread 0x0000025d92c25cd0 Thread exited: 0x0000025d92c25cd0
Event: 7442.038 Thread 0x0000025d8e045c40 Thread added: 0x0000025d90696380
Event: 7443.826 Thread 0x0000025d90696380 Thread exited: 0x0000025d90696380
Event: 7444.207 Thread 0x0000025d8e045c40 Thread added: 0x0000025d90696380
Event: 7444.275 Thread 0x0000025d907e28e0 Thread added: 0x0000025d92c25cd0
Event: 7445.270 Thread 0x0000025d90696380 Thread exited: 0x0000025d90696380
Event: 7458.516 Thread 0x0000025d907e49b0 Thread exited: 0x0000025d907e49b0
Event: 7496.439 Thread 0x0000025d92c24fb0 Thread exited: 0x0000025d92c24fb0
Event: 7499.414 Thread 0x0000025d92c28430 Thread exited: 0x0000025d92c28430
Event: 7504.313 Thread 0x0000025d92c25cd0 Thread exited: 0x0000025d92c25cd0
Event: 7518.521 Thread 0x0000025d907e4320 Thread exited: 0x0000025d907e4320
Event: 7555.852 Thread 0x0000025d92c23c00 Thread exited: 0x0000025d92c23c00
Event: 7559.414 Thread 0x0000025d907e28e0 Thread added: 0x0000025d92c24fb0
Event: 7560.112 Thread 0x0000025d92c24fb0 Thread exited: 0x0000025d92c24fb0
Event: 7560.622 Thread 0x0000025d907e28e0 Thread added: 0x0000025d92c24fb0
Event: 7560.631 Thread 0x0000025d92c24fb0 Thread exited: 0x0000025d92c24fb0


Dynamic libraries:
0x00007ff7b24c0000 - 0x00007ff7b24ce000 	c:\Users\Talktech\.vscode\extensions\redhat.java-1.54.0-win32-x64\jre\21.0.10-win32-x86_64\bin\java.exe
0x00007ff90d5e0000 - 0x00007ff90d847000 	C:\WINDOWS\SYSTEM32\ntdll.dll
0x00007ff90cb70000 - 0x00007ff90cc39000 	C:\WINDOWS\System32\KERNEL32.DLL
0x00007ff90a0c0000 - 0x00007ff90a4b7000 	C:\WINDOWS\System32\KERNELBASE.dll
0x00007ff90a700000 - 0x00007ff90a84b000 	C:\WINDOWS\System32\ucrtbase.dll
0x00007ff8f02b0000 - 0x00007ff8f02ce000 	c:\Users\Talktech\.vscode\extensions\redhat.java-1.54.0-win32-x64\jre\21.0.10-win32-x86_64\bin\VCRUNTIME140.dll
0x00007ff8f0ca0000 - 0x00007ff8f0cb8000 	c:\Users\Talktech\.vscode\extensions\redhat.java-1.54.0-win32-x64\jre\21.0.10-win32-x86_64\bin\jli.dll
0x00007ff90c2f0000 - 0x00007ff90c4b6000 	C:\WINDOWS\System32\USER32.dll
0x00007ff90a850000 - 0x00007ff90a877000 	C:\WINDOWS\System32\win32u.dll
0x00007ff8e2d10000 - 0x00007ff8e2fa2000 	C:\WINDOWS\WinSxS\amd64_microsoft.windows.common-controls_6595b64144ccf1df_6.0.26100.8457_none_3e0b2faee331e92d\COMCTL32.dll
0x00007ff90ccf0000 - 0x00007ff90cd1b000 	C:\WINDOWS\System32\GDI32.dll
0x00007ff90c6d0000 - 0x00007ff90c779000 	C:\WINDOWS\System32\msvcrt.dll
0x00007ff90a930000 - 0x00007ff90aa5c000 	C:\WINDOWS\System32\gdi32full.dll
0x00007ff90a010000 - 0x00007ff90a0b3000 	C:\WINDOWS\System32\msvcp_win.dll
0x00007ff90b360000 - 0x00007ff90b392000 	C:\WINDOWS\System32\IMM32.DLL
0x00007ff905590000 - 0x00007ff90559c000 	c:\Users\Talktech\.vscode\extensions\redhat.java-1.54.0-win32-x64\jre\21.0.10-win32-x86_64\bin\vcruntime140_1.dll
0x00007ff8ca640000 - 0x00007ff8ca6cd000 	c:\Users\Talktech\.vscode\extensions\redhat.java-1.54.0-win32-x64\jre\21.0.10-win32-x86_64\bin\msvcp140.dll
0x00007ff83d210000 - 0x00007ff83dfb1000 	c:\Users\Talktech\.vscode\extensions\redhat.java-1.54.0-win32-x64\jre\21.0.10-win32-x86_64\bin\server\jvm.dll
0x00007ff90b600000 - 0x00007ff90b6b6000 	C:\WINDOWS\System32\ADVAPI32.dll
0x00007ff90cc40000 - 0x00007ff90cce7000 	C:\WINDOWS\System32\sechost.dll
0x00007ff90c810000 - 0x00007ff90c928000 	C:\WINDOWS\System32\RPCRT4.dll
0x00007ff90c930000 - 0x00007ff90c9b0000 	C:\WINDOWS\System32\WS2_32.dll
0x00007ff909e70000 - 0x00007ff909ece000 	C:\WINDOWS\SYSTEM32\POWRPROF.dll
0x00007ff8f1f60000 - 0x00007ff8f1f96000 	C:\WINDOWS\SYSTEM32\WINMM.dll
0x00007ff902460000 - 0x00007ff90246b000 	C:\WINDOWS\SYSTEM32\VERSION.dll
0x00007ff909e50000 - 0x00007ff909e64000 	C:\WINDOWS\SYSTEM32\UMPDC.dll
0x00007ff908d60000 - 0x00007ff908d7b000 	C:\WINDOWS\SYSTEM32\kernel.appcore.dll
0x00007ff9039b0000 - 0x00007ff9039ba000 	c:\Users\Talktech\.vscode\extensions\redhat.java-1.54.0-win32-x64\jre\21.0.10-win32-x86_64\bin\jimage.dll
0x00007ff905280000 - 0x00007ff9054c2000 	C:\WINDOWS\SYSTEM32\DBGHELP.DLL
0x00007ff90d200000 - 0x00007ff90d583000 	C:\WINDOWS\System32\combase.dll
0x00007ff90cd20000 - 0x00007ff90cdf9000 	C:\WINDOWS\System32\OLEAUT32.dll
0x00007ff8fe9e0000 - 0x00007ff8fea1b000 	C:\WINDOWS\SYSTEM32\dbgcore.DLL
0x00007ff90a880000 - 0x00007ff90a928000 	C:\WINDOWS\System32\bcryptPrimitives.dll
0x00007ff8fd7f0000 - 0x00007ff8fd7ff000 	c:\Users\Talktech\.vscode\extensions\redhat.java-1.54.0-win32-x64\jre\21.0.10-win32-x86_64\bin\instrument.dll
0x00007ff8df9b0000 - 0x00007ff8df9d0000 	c:\Users\Talktech\.vscode\extensions\redhat.java-1.54.0-win32-x64\jre\21.0.10-win32-x86_64\bin\java.dll
0x00007ff90bb50000 - 0x00007ff90c2be000 	C:\WINDOWS\System32\SHELL32.dll
0x00007ff90aa60000 - 0x00007ff90b2cc000 	C:\WINDOWS\System32\windows.storage.dll
0x00007ff90c5d0000 - 0x00007ff90c6c6000 	C:\WINDOWS\System32\SHCORE.dll
0x00007ff90ca80000 - 0x00007ff90cae6000 	C:\WINDOWS\System32\shlwapi.dll
0x00007ff909f30000 - 0x00007ff909f59000 	C:\WINDOWS\SYSTEM32\profapi.dll
0x00007ff8df460000 - 0x00007ff8df478000 	c:\Users\Talktech\.vscode\extensions\redhat.java-1.54.0-win32-x64\jre\21.0.10-win32-x86_64\bin\zip.dll
0x00007ff8fd520000 - 0x00007ff8fd530000 	C:\Users\Talktech\.vscode\extensions\redhat.java-1.54.0-win32-x64\jre\21.0.10-win32-x86_64\bin\net.dll
0x00007ff8fe320000 - 0x00007ff8fe449000 	C:\WINDOWS\SYSTEM32\WINHTTP.dll
0x00007ff9092b0000 - 0x00007ff90931c000 	C:\WINDOWS\system32\mswsock.dll
0x00007ff8def30000 - 0x00007ff8def46000 	C:\Users\Talktech\.vscode\extensions\redhat.java-1.54.0-win32-x64\jre\21.0.10-win32-x86_64\bin\nio.dll
0x00007ff8f4350000 - 0x00007ff8f4360000 	c:\Users\Talktech\.vscode\extensions\redhat.java-1.54.0-win32-x64\jre\21.0.10-win32-x86_64\bin\verify.dll
0x00007ff8ccea0000 - 0x00007ff8ccee5000 	C:\Users\Talktech\AppData\Roaming\Code\User\globalStorage\redhat.java\1.54.0\config_win\org.eclipse.equinox.launcher\org.eclipse.equinox.launcher.win32.win32.x86_64_1.3.0.v20260203-2149\eclipse_11919.dll
0x00007ff90b3a0000 - 0x00007ff90b537000 	C:\WINDOWS\System32\ole32.dll
0x00007ff9096b0000 - 0x00007ff9096cb000 	C:\WINDOWS\SYSTEM32\CRYPTSP.dll
0x00007ff908cc0000 - 0x00007ff908cf9000 	C:\WINDOWS\system32\rsaenh.dll
0x00007ff909360000 - 0x00007ff909393000 	C:\WINDOWS\SYSTEM32\USERENV.dll
0x00007ff909f00000 - 0x00007ff909f2a000 	C:\WINDOWS\SYSTEM32\bcrypt.dll
0x00007ff909510000 - 0x00007ff90951c000 	C:\WINDOWS\SYSTEM32\CRYPTBASE.dll
0x00007ff9087a0000 - 0x00007ff9087d2000 	C:\WINDOWS\SYSTEM32\IPHLPAPI.DLL
0x00007ff90ce50000 - 0x00007ff90ce5a000 	C:\WINDOWS\System32\NSI.dll
0x00007ff8ccaa0000 - 0x00007ff8ccae9000 	C:\Users\Talktech\AppData\Local\Temp\jna--544955038\jna16506952842885499023.dll
0x00007ff90b540000 - 0x00007ff90b548000 	C:\WINDOWS\System32\PSAPI.DLL
0x00007ff8fdb70000 - 0x00007ff8fdb8d000 	C:\WINDOWS\SYSTEM32\dhcpcsvc6.DLL
0x00007ff8fdb40000 - 0x00007ff8fdb65000 	C:\WINDOWS\SYSTEM32\dhcpcsvc.DLL
0x00007ff8f1d00000 - 0x00007ff8f1d0e000 	C:\Users\Talktech\.vscode\extensions\redhat.java-1.54.0-win32-x64\jre\21.0.10-win32-x86_64\bin\sunmscapi.dll
0x00007ff90a4c0000 - 0x00007ff90a638000 	C:\WINDOWS\System32\CRYPT32.dll
0x00007ff909810000 - 0x00007ff909840000 	C:\WINDOWS\SYSTEM32\ncrypt.dll
0x00007ff9097c0000 - 0x00007ff9097ff000 	C:\WINDOWS\SYSTEM32\NTASN1.dll
0x00007ff908840000 - 0x00007ff908972000 	C:\WINDOWS\SYSTEM32\DNSAPI.dll
0x00007ff8faaf0000 - 0x00007ff8faafb000 	C:\Windows\System32\rasadhlp.dll
0x00007ff8fc670000 - 0x00007ff8fc6f6000 	C:\WINDOWS\System32\fwpuclnt.dll
0x00007ff8f1ba0000 - 0x00007ff8f1ba9000 	C:\Users\Talktech\.vscode\extensions\redhat.java-1.54.0-win32-x64\jre\21.0.10-win32-x86_64\bin\extnet.dll
0x00007ff908e80000 - 0x00007ff908eb6000 	C:\WINDOWS\SYSTEM32\ntmarta.dll
0x00007ff8d7d30000 - 0x00007ff8d7d38000 	C:\WINDOWS\system32\wshunix.dll

JVMTI agents:
c:\Users\Talktech\.vscode\extensions\redhat.java-1.54.0-win32-x64\lombok\lombok-1.18.39-4050.jar path:c:\Users\Talktech\.vscode\extensions\redhat.java-1.54.0-win32-x64\jre\21.0.10-win32-x86_64\bin\instrument.dll, loaded, initialized, instrumentlib options:none

dbghelp: loaded successfully - version: 4.0.5 - missing functions: none
symbol engine: initialized successfully - sym options: 0x614 - pdb path: .;c:\Users\Talktech\.vscode\extensions\redhat.java-1.54.0-win32-x64\jre\21.0.10-win32-x86_64\bin;C:\WINDOWS\SYSTEM32;C:\WINDOWS\WinSxS\amd64_microsoft.windows.common-controls_6595b64144ccf1df_6.0.26100.8457_none_3e0b2faee331e92d;c:\Users\Talktech\.vscode\extensions\redhat.java-1.54.0-win32-x64\jre\21.0.10-win32-x86_64\bin\server;C:\Users\Talktech\AppData\Roaming\Code\User\globalStorage\redhat.java\1.54.0\config_win\org.eclipse.equinox.launcher\org.eclipse.equinox.launcher.win32.win32.x86_64_1.3.0.v20260203-2149;C:\Users\Talktech\AppData\Local\Temp\jna--544955038

VM Arguments:
jvm_args: --add-modules=ALL-SYSTEM --add-opens=java.base/java.util=ALL-UNNAMED --add-opens=java.base/java.lang=ALL-UNNAMED --add-opens=java.base/sun.nio.fs=ALL-UNNAMED -Declipse.application=org.eclipse.jdt.ls.core.id1 -Dosgi.bundles.defaultStartLevel=4 -Declipse.product=org.eclipse.jdt.ls.core.product -Djava.import.generatesMetadataFilesAtProjectRoot=false -DDetectVMInstallationsJob.disabled=true -Dfile.encoding=utf8 -XX:+UseParallelGC -XX:GCTimeRatio=4 -XX:AdaptiveSizePolicyWeight=90 -Dsun.zip.disableMemoryMapping=true -Xmx2G -Xms100m -Xlog:disable -javaagent:c:\Users\Talktech\.vscode\extensions\redhat.java-1.54.0-win32-x64\lombok\lombok-1.18.39-4050.jar -XX:+HeapDumpOnOutOfMemoryError -XX:HeapDumpPath=c:\Users\Talktech\AppData\Roaming\Code\User\workspaceStorage\fe62941810ff53b2a2c30e924bce7f46\redhat.java -Daether.dependencyCollector.impl=bf 
java_command: c:\Users\Talktech\.vscode\extensions\redhat.java-1.54.0-win32-x64\server\plugins\org.eclipse.equinox.launcher_1.7.100.v20251111-0406.jar -configuration c:\Users\Talktech\AppData\Roaming\Code\User\globalStorage\redhat.java\1.54.0\config_win -data c:\Users\Talktech\AppData\Roaming\Code\User\workspaceStorage\fe62941810ff53b2a2c30e924bce7f46\redhat.java\jdt_ws --pipe=\\.\pipe\lsp-ea4b546b2c4f8ee85c7c59af2c8e1b8a-sock
java_class_path (initial): c:\Users\Talktech\.vscode\extensions\redhat.java-1.54.0-win32-x64\server\plugins\org.eclipse.equinox.launcher_1.7.100.v20251111-0406.jar
Launcher Type: SUN_STANDARD

[Global flags]
    uintx AdaptiveSizePolicyWeight                 = 90                                        {product} {command line}
     intx CICompilerCount                          = 4                                         {product} {ergonomic}
    uintx GCTimeRatio                              = 4                                         {product} {command line}
     bool HeapDumpOnOutOfMemoryError               = true                                   {manageable} {command line}
    ccstr HeapDumpPath                             = c:\Users\Talktech\AppData\Roaming\Code\User\workspaceStorage\fe62941810ff53b2a2c30e924bce7f46\redhat.java         {manageable} {command line}
   size_t InitialHeapSize                          = 104857600                                 {product} {command line}
   size_t MaxHeapSize                              = 2147483648                                {product} {command line}
   size_t MaxNewSize                               = 715653120                                 {product} {ergonomic}
   size_t MinHeapDeltaBytes                        = 524288                                    {product} {ergonomic}
   size_t MinHeapSize                              = 104857600                                 {product} {command line}
   size_t NewSize                                  = 34603008                                  {product} {ergonomic}
    uintx NonNMethodCodeHeapSize                   = 5839372                                {pd product} {ergonomic}
    uintx NonProfiledCodeHeapSize                  = 122909434                              {pd product} {ergonomic}
   size_t OldSize                                  = 70254592                                  {product} {ergonomic}
    uintx ProfiledCodeHeapSize                     = 122909434                              {pd product} {ergonomic}
    uintx ReservedCodeCacheSize                    = 251658240                              {pd product} {ergonomic}
     bool SegmentedCodeCache                       = true                                      {product} {ergonomic}
   size_t SoftMaxHeapSize                          = 2147483648                             {manageable} {ergonomic}
     bool UseCompressedOops                        = true                           {product lp64_product} {ergonomic}
     bool UseLargePagesIndividualAllocation        = false                                  {pd product} {ergonomic}
     bool UseParallelGC                            = true                                      {product} {command line}

Logging:
Log output configuration:
 #0: stdout all=off uptime,level,tags foldmultilines=false
 #1: stderr all=off uptime,level,tags foldmultilines=false

Release file:
JAVA_VERSION="21.0.10" 
MODULES="java.base java.compiler java.datatransfer java.xml java.prefs java.desktop java.instrument java.logging java.management java.security.sasl java.naming java.rmi java.management.rmi java.net.http java.scripting java.security.jgss java.transaction.xa java.sql java.sql.rowset java.xml.crypto java.se java.smartcardio jdk.accessibility jdk.internal.jvmstat jdk.attach jdk.charsets jdk.internal.opt jdk.zipfs jdk.compiler jdk.crypto.ec jdk.crypto.cryptoki jdk.crypto.mscapi jdk.dynalink jdk.internal.ed jdk.editpad jdk.hotspot.agent jdk.httpserver jdk.internal.le jdk.internal.vm.ci jdk.internal.vm.compiler jdk.internal.vm.compiler.management jdk.jartool jdk.javadoc jdk.jcmd jdk.management jdk.management.agent jdk.jconsole jdk.jdeps jdk.jdwp.agent jdk.jdi jdk.jfr jdk.jshell jdk.jsobject jdk.jstatd jdk.localedata jdk.management.jfr jdk.naming.dns jdk.naming.rmi jdk.net jdk.nio.mapmode jdk.random jdk.sctp jdk.security.auth jdk.security.jgss jdk.unsupported jdk.unsupported.desktop jdk.xml.dom" 

Environment Variables:
JAVA_HOME=C:\Java\jdk-24
PATH=C:\oraclexe\app\oracle\product\11.2.0\server\bin;;C:\Program Files\Java\jdk-24\bin;C:\Program Files\Common Files\Oracle\Java\javapath;C:\WINDOWS\system32;C:\WINDOWS;C:\WINDOWS\System32\Wbem;C:\WINDOWS\System32\WindowsPowerShell\v1.0\;C:\WINDOWS\System32\OpenSSH\;C:\Program Files\Git\cmd;C:\Program Files\nodejs\;C:\ProgramData\chocolatey\bin;C:\Program Files\Docker\Docker\resources\bin;C:\Program Files\Amazon\AWSCLIV2\;C:\Program Files\Amazon\AWSSAMCLI\bin\;C:\Program Files\dotnet\;C:\Users\Talktech\AppData\Local\Programs\Python\Launcher\;C:\Users\Talktech\AppData\Local\Microsoft\WindowsApps;C:\Program Files\JetBrains\IntelliJ IDEA 2024.1\bin;;C:\Users\Talktech\AppData\Local\Programs\Microsoft VS Code\bin;C:\Users\Talktech\AppData\Local\Packages\PythonSoftwareFoundation.Python.3.13_qbz5n2kfra8p0\LocalCache\local-packages\Python313\Scripts;C:\Users\Talktech\AppData\Roaming\npm;C:\Users\Talktech\.dotnet\tools;C:\Tools\apache-maven-3.9.11\bin;C:\Users\Talktech\AppData\Local\Programs\Python\Launcher\;C:\Users\Talktech\AppData\Local\Microsoft\WindowsApps;C:\Progra;C:\Users\Talktech\AppData\Local\Programs\Python\Launcher\;C:\Users\Talktech\AppData\Local\Microsoft\WindowsApps;C:\Program Files\JetBrains\IntelliJ IDEA 2024.1\bin;;C:\Users\Talktech\AppData\Local\Programs\Microsoft VS Code\bin;C:\Users\Talktech\AppData\Local\Packages\PythonSoftwareFoundation.Python.3.13_qbz5n2kfra8p0\LocalCache\local-packages\Python313\Scripts;C:\Users\Talktech\AppData\Roaming\npm;C:\Users\Talktech\.dotnet\tools;C:\Program Files\JetBrains\IntelliJ IDEA Community Edition 2025.2.1\bin
USERNAME=Talktech
OS=Windows_NT
PROCESSOR_IDENTIFIER=Intel64 Family 6 Model 142 Stepping 12, GenuineIntel
TMP=C:\Users\Talktech\AppData\Local\Temp
TEMP=C:\Users\Talktech\AppData\Local\Temp




Periodic native trim disabled

---------------  S Y S T E M  ---------------

OS:
 Windows 11 , 64 bit Build 26100 (10.0.26100.8328)
OS uptime: 12 days 5:27 hours
Hyper-V role detected

CPU: total 8 (initial active 8) (4 cores per cpu, 2 threads per core) family 6 model 142 stepping 12 microcode 0x100, cx8, cmov, fxsr, ht, mmx, 3dnowpref, sse, sse2, sse3, ssse3, sse4.1, sse4.2, popcnt, lzcnt, tsc, tscinvbit, avx, avx2, aes, erms, clmul, bmi1, bmi2, adx, fma, vzeroupper, clflush, clflushopt, hv, rdtscp, f16c
Processor Information for the first 8 processors :
  Max Mhz: 1896, Current Mhz: 1596, Mhz Limit: 1592

Memory: 4k page, system-wide physical 7902M (596M free)
TotalPageFile size 32478M (AvailPageFile size 6M)
current process WorkingSet (physical memory assigned to process): 129M, peak: 516M
current process commit charge ("private bytes"): 710M, peak: 723M

vm_info: OpenJDK 64-Bit Server VM (21.0.10+7-LTS) for windows-amd64 JRE (21.0.10+7-LTS), built on 2026-01-20T00:00:00Z by "admin" with MS VC++ 17.12 (VS2022)

END.
